interactions:
- request:
    body: '{"name": "Test Warehouse 123", "origin_address": {"name": "Electronic Output
      Solutions", "phone": "555-555-5555", "address_line1": "2510 Commerce Way", "city_locality":
      "Vista", "state_province": "CA", "postal_code": "92081", "address_line2": null,
      "address_line3": null, "email": null, "company_name": null, "instructions":
      null, "geolocation": null, "country_code": "US", "address_residential_indicator":
      "unknown"}, "return_address": null, "is_default": null}'
    headers:
      Content-Length:
      - '462'
      Content-Type:
      - application/json
      Host:
      - api.shipengine.com
    method: POST
    uri: https://api.shipengine.com/v1/warehouses
  response:
    body:
      string: "{\r\n  \"warehouse_id\": \"se-18990696\",\r\n  \"is_default\": false,\r\n
        \ \"name\": \"Test Warehouse 123\",\r\n  \"created_at\": \"2024-05-20T14:11:10.05Z\",\r\n
        \ \"origin_address\": {\r\n    \"name\": \"Electronic Output Solutions\",\r\n
        \   \"phone\": \"555-555-5555\",\r\n    \"email\": null,\r\n    \"company_name\":
        null,\r\n    \"address_line1\": \"2510 Commerce Way\",\r\n    \"address_line2\":
        null,\r\n    \"address_line3\": null,\r\n    \"city_locality\": \"Vista\",\r\n
        \   \"state_province\": \"CA\",\r\n    \"postal_code\": \"92081\",\r\n    \"country_code\":
        \"US\",\r\n    \"address_residential_indicator\": \"unknown\"\r\n  },\r\n
        \ \"return_address\": {\r\n    \"name\": \"Electronic Output Solutions\",\r\n
        \   \"phone\": \"555-555-5555\",\r\n    \"email\": null,\r\n    \"company_name\":
        null,\r\n    \"address_line1\": \"2510 Commerce Way\",\r\n    \"address_line2\":
        null,\r\n    \"address_line3\": null,\r\n    \"city_locality\": \"Vista\",\r\n
        \   \"state_province\": \"CA\",\r\n    \"postal_code\": \"92081\",\r\n    \"country_code\":
        \"US\",\r\n    \"address_residential_indicator\": \"unknown\"\r\n  }\r\n}"
    headers:
      Branch-Name:
      - bWFpbg
      Connection:
      - keep-alive
      Content-Length:
      - '964'
      Content-Security-Policy:
      - default-src 'none'; frame-ancestors 'none'
      Content-Type:
      - application/json; charset=utf-8
      Date:
      - Mon, 20 May 2024 14:11:10 GMT
      Permissions-Policy:
      - accelerometer=(), camera=(), geolocation=(), gyroscope=(), magnetometer=(),
        microphone=(), payment=(), usb=(), interest-cohort=()
      RateLimit-Limit:
      - '200'
      RateLimit-Remaining:
      - '181'
      RateLimit-Reset:
      - '50'
      Strict-Transport-Security:
      - max-age=31536000; includeSubDomains; preload
      X-Content-Type-Options:
      - nosniff
      X-Robots-Tag:
      - noindex
      request-id:
      - 77a9d6f9-2181-409d-9a1f-dc3b2b973591
      x-shipengine-requestid:
      - 77a9d6f9-2181-409d-9a1f-dc3b2b973591
    status:
      code: 200
      message: OK
- request:
    body: '{"shipments": [{"carrier_id": "se-2424643", "service_code": "usps_ground_advantage",
      "ship_to": {"name": "Electronic Output Solutions", "phone": "555-555-5555",
      "address_line1": "2510 Commerce Way", "city_locality": "Vista", "state_province":
      "CA", "postal_code": "92081", "address_line2": null, "address_line3": null,
      "email": null, "company_name": null, "instructions": null, "geolocation": null,
      "country_code": "US", "address_residential_indicator": "unknown"}, "ship_date":
      null, "validate_address": "no_validation", "advanced_options": null, "confirmation":
      "none", "tags": [], "is_return": false, "customs": null, "warehouse_id": "se-18990696",
      "ship_from": null, "return_to": null, "items": [], "external_order_id": null,
      "tax_identifiers": null, "external_shipment_id": null, "shipment_number": null,
      "insurance_provider": "none", "order_source_code": null, "packages": [{"weight":
      {"value": 1, "unit": "ounce"}, "package_code": null, "dimensions": null, "content_description":
      null, "package_id": null, "insured_value": null, "label_messages": null, "products":
      null, "external_package_id": null, "shipment_package_id": null, "package_name":
      null}], "comparison_rate_type": null}]}'
    headers:
      Content-Length:
      - '1191'
      Content-Type:
      - application/json
      Host:
      - api.shipengine.com
    method: POST
    uri: https://api.shipengine.com/v1/shipments
  response:
    body:
      string: "{\r\n  \"has_errors\": false,\r\n  \"shipments\": [\r\n    {\r\n      \"errors\":
        [],\r\n      \"address_validation\": null,\r\n      \"shipment_id\": \"se-1380799878\",\r\n
        \     \"carrier_id\": \"se-2424643\",\r\n      \"service_code\": \"usps_ground_advantage\",\r\n
        \     \"external_shipment_id\": null,\r\n      \"shipment_number\": null,\r\n
        \     \"ship_date\": \"2024-05-20T00:00:00Z\",\r\n      \"created_at\": \"2024-05-20T14:11:10.7377699Z\",\r\n
        \     \"modified_at\": \"2024-05-20T14:11:10.7377699Z\",\r\n      \"shipment_status\":
        \"pending\",\r\n      \"ship_to\": {\r\n        \"geolocation\": null,\r\n
        \       \"instructions\": \"\",\r\n        \"name\": \"Electronic Output Solutions\",\r\n
        \       \"phone\": \"555-555-5555\",\r\n        \"email\": null,\r\n        \"company_name\":
        null,\r\n        \"address_line1\": \"2510 Commerce Way\",\r\n        \"address_line2\":
        null,\r\n        \"address_line3\": null,\r\n        \"city_locality\": \"Vista\",\r\n
        \       \"state_province\": \"CA\",\r\n        \"postal_code\": \"92081\",\r\n
        \       \"country_code\": \"US\",\r\n        \"address_residential_indicator\":
        \"unknown\"\r\n      },\r\n      \"ship_from\": {\r\n        \"instructions\":
        null,\r\n        \"name\": \"Electronic Output Solutions\",\r\n        \"phone\":
        \"555-555-5555\",\r\n        \"email\": null,\r\n        \"company_name\":
        null,\r\n        \"address_line1\": \"2510 Commerce Way\",\r\n        \"address_line2\":
        null,\r\n        \"address_line3\": null,\r\n        \"city_locality\": \"Vista\",\r\n
        \       \"state_province\": \"CA\",\r\n        \"postal_code\": \"92081\",\r\n
        \       \"country_code\": \"US\",\r\n        \"address_residential_indicator\":
        \"unknown\"\r\n      },\r\n      \"warehouse_id\": \"se-18990696\",\r\n      \"return_to\":
        {\r\n        \"instructions\": null,\r\n        \"name\": \"Electronic Output
        Solutions\",\r\n        \"phone\": \"555-555-5555\",\r\n        \"email\":
        null,\r\n        \"company_name\": null,\r\n        \"address_line1\": \"2510
        Commerce Way\",\r\n        \"address_line2\": null,\r\n        \"address_line3\":
        null,\r\n        \"city_locality\": \"Vista\",\r\n        \"state_province\":
        \"CA\",\r\n        \"postal_code\": \"92081\",\r\n        \"country_code\":
        \"US\",\r\n        \"address_residential_indicator\": \"unknown\"\r\n      },\r\n
        \     \"is_return\": false,\r\n      \"confirmation\": \"none\",\r\n      \"customs\":
        null,\r\n      \"external_order_id\": null,\r\n      \"order_source_code\":
        null,\r\n      \"advanced_options\": {\r\n        \"bill_to_account\": null,\r\n
        \       \"bill_to_country_code\": null,\r\n        \"bill_to_party\": null,\r\n
        \       \"bill_to_postal_code\": null,\r\n        \"contains_alcohol\": false,\r\n
        \       \"delivered_duty_paid\": false,\r\n        \"non_machinable\": false,\r\n
        \       \"saturday_delivery\": false,\r\n        \"dry_ice\": false,\r\n        \"dry_ice_weight\":
        null,\r\n        \"fedex_freight\": null,\r\n        \"third_party_consignee\":
        false,\r\n        \"ancillary_endorsements_option\": null,\r\n        \"freight_class\":
        null,\r\n        \"custom_field1\": null,\r\n        \"custom_field2\": null,\r\n
        \       \"custom_field3\": null,\r\n        \"collect_on_delivery\": null,\r\n
        \       \"return_pickup_attempts\": null,\r\n        \"additional_handling\":
        false,\r\n        \"own_document_upload\": false,\r\n        \"limited_quantity\":
        false,\r\n        \"event_notification\": false\r\n      },\r\n      \"comparison_rate_type\":
        null,\r\n      \"shipping_rule_id\": null,\r\n      \"insurance_provider\":
        \"none\",\r\n      \"tags\": [],\r\n      \"packages\": [\r\n        {\r\n
        \         \"shipment_package_id\": \"se-1562306220\",\r\n          \"package_id\":
        \"se-3\",\r\n          \"package_code\": \"package\",\r\n          \"package_name\":
        \"Package\",\r\n          \"weight\": {\r\n            \"value\": 1.0,\r\n
        \           \"unit\": \"ounce\"\r\n          },\r\n          \"dimensions\":
        {\r\n            \"unit\": \"inch\",\r\n            \"length\": 0.0,\r\n            \"width\":
        0.0,\r\n            \"height\": 0.0\r\n          },\r\n          \"insured_value\":
        {\r\n            \"currency\": \"usd\",\r\n            \"amount\": 0.0\r\n
        \         },\r\n          \"label_messages\": {\r\n            \"reference1\":
        null,\r\n            \"reference2\": null,\r\n            \"reference3\":
        null\r\n          },\r\n          \"external_package_id\": null,\r\n          \"content_description\":
        null,\r\n          \"products\": null\r\n        }\r\n      ],\r\n      \"total_weight\":
        {\r\n        \"value\": 1.0,\r\n        \"unit\": \"ounce\"\r\n      },\r\n
        \     \"items\": []\r\n    }\r\n  ]\r\n}"
    headers:
      Branch-Name:
      - bWFpbg
      Connection:
      - keep-alive
      Content-Length:
      - '4106'
      Content-Security-Policy:
      - default-src 'none'; frame-ancestors 'none'
      Content-Type:
      - application/json; charset=utf-8
      Date:
      - Mon, 20 May 2024 14:11:10 GMT
      Permissions-Policy:
      - accelerometer=(), camera=(), geolocation=(), gyroscope=(), magnetometer=(),
        microphone=(), payment=(), usb=(), interest-cohort=()
      RateLimit-Limit:
      - '200'
      RateLimit-Remaining:
      - '180'
      RateLimit-Reset:
      - '50'
      Strict-Transport-Security:
      - max-age=31536000; includeSubDomains; preload
      X-Content-Type-Options:
      - nosniff
      X-Robots-Tag:
      - noindex
      request-id:
      - cca9e3e3-1c17-4bb3-b667-c2fa0d663547
      x-shipengine-requestid:
      - cca9e3e3-1c17-4bb3-b667-c2fa0d663547
    status:
      code: 200
      message: OK
- request:
    body: '{"shipment_ids": ["se-1380799878"], "rate_ids": null, "external_batch_id":
      null, "batch_notes": null, "process_labels": null}'
    headers:
      Content-Length:
      - '125'
      Content-Type:
      - application/json
      Host:
      - api.shipengine.com
    method: POST
    uri: https://api.shipengine.com/v1/batches
  response:
    body:
      string: "{\r\n  \"label_layout\": null,\r\n  \"label_format\": \"pdf\",\r\n
        \ \"batch_id\": \"se-1942050\",\r\n  \"external_batch_id\": null,\r\n  \"batch_number\":
        \"100042\",\r\n  \"batch_notes\": null,\r\n  \"created_at\": \"2024-05-20T14:11:10.9Z\",\r\n
        \ \"processed_at\": null,\r\n  \"errors\": 0,\r\n  \"process_errors\": null,\r\n
        \ \"warnings\": 0,\r\n  \"completed\": 0,\r\n  \"forms\": 0,\r\n  \"count\":
        1,\r\n  \"batch_shipments_url\": {\r\n    \"href\": \"https://api.shipengine.com/v1/shipments?batch_id=se-1942050\"\r\n
        \ },\r\n  \"batch_labels_url\": {\r\n    \"href\": \"https://api.shipengine.com/v1/labels?batch_id=se-1942050\"\r\n
        \ },\r\n  \"batch_errors_url\": {\r\n    \"href\": \"https://api.shipengine.com/v1/batches/se-1942050/errors\"\r\n
        \ },\r\n  \"label_download\": {\r\n    \"pdf\": \"https://api.shipengine.com/v1/downloads/10/SF3bBf9bLUGUwsM4wp9FBg/label-1942050.pdf\",\r\n
        \   \"zpl\": \"https://api.shipengine.com/v1/downloads/10/SF3bBf9bLUGUwsM4wp9FBg/label-1942050.zpl\",\r\n
        \   \"href\": \"https://api.shipengine.com/v1/downloads/10/SF3bBf9bLUGUwsM4wp9FBg/label-1942050.pdf\"\r\n
        \ },\r\n  \"form_download\": {\r\n    \"href\": \"https://api.shipengine.com/v1/downloads/10/EZQ-wGkAgEOr1p6-biGXUA/form-1942050.pdf\"\r\n
        \ },\r\n  \"status\": \"open\"\r\n}"
    headers:
      Branch-Name:
      - bWFpbg
      Connection:
      - keep-alive
      Content-Length:
      - '1131'
      Content-Security-Policy:
      - default-src 'none'; frame-ancestors 'none'
      Content-Type:
      - application/json; charset=utf-8
      Date:
      - Mon, 20 May 2024 14:11:10 GMT
      Permissions-Policy:
      - accelerometer=(), camera=(), geolocation=(), gyroscope=(), magnetometer=(),
        microphone=(), payment=(), usb=(), interest-cohort=()
      RateLimit-Limit:
      - '200'
      RateLimit-Remaining:
      - '179'
      RateLimit-Reset:
      - '50'
      Strict-Transport-Security:
      - max-age=31536000; includeSubDomains; preload
      X-Content-Type-Options:
      - nosniff
      X-Robots-Tag:
      - noindex
      request-id:
      - f73eecab-ef22-4831-b20a-1a70b8642899
      x-shipengine-requestid:
      - f73eecab-ef22-4831-b20a-1a70b8642899
    status:
      code: 200
      message: OK
- request:
    body: '{"shipment_ids": ["se-1380799878"], "rate_ids": null}'
    headers:
      Content-Length:
      - '53'
      Content-Type:
      - application/json
      Host:
      - api.shipengine.com
    method: POST
    uri: https://api.shipengine.com/v1/batches/se-1942050/remove
  response:
    body:
      string: ''
    headers:
      Branch-Name:
      - bWFpbg
      Connection:
      - keep-alive
      Content-Security-Policy:
      - default-src 'none'; frame-ancestors 'none'
      Date:
      - Mon, 20 May 2024 14:11:11 GMT
      Permissions-Policy:
      - accelerometer=(), camera=(), geolocation=(), gyroscope=(), magnetometer=(),
        microphone=(), payment=(), usb=(), interest-cohort=()
      RateLimit-Limit:
      - '200'
      RateLimit-Remaining:
      - '178'
      RateLimit-Reset:
      - '49'
      Strict-Transport-Security:
      - max-age=31536000; includeSubDomains; preload
      X-Content-Type-Options:
      - nosniff
      X-Robots-Tag:
      - noindex
      request-id:
      - b2267e12-9bc2-40ed-812b-14f6eb8aadaf
      x-shipengine-requestid:
      - b2267e12-9bc2-40ed-812b-14f6eb8aadaf
    status:
      code: 204
      message: No Content
- request:
    body: null
    headers:
      Content-Type:
      - application/json
      Host:
      - api.shipengine.com
    method: GET
    uri: https://api.shipengine.com/v1/batches/se-1942050
  response:
    body:
      string: "{\r\n  \"label_layout\": null,\r\n  \"label_format\": \"pdf\",\r\n
        \ \"batch_id\": \"se-1942050\",\r\n  \"external_batch_id\": null,\r\n  \"batch_number\":
        \"100042\",\r\n  \"batch_notes\": null,\r\n  \"created_at\": \"2024-05-20T14:11:10.9Z\",\r\n
        \ \"processed_at\": null,\r\n  \"errors\": 0,\r\n  \"process_errors\": null,\r\n
        \ \"warnings\": 0,\r\n  \"completed\": 0,\r\n  \"forms\": 0,\r\n  \"count\":
        0,\r\n  \"batch_shipments_url\": {\r\n    \"href\": \"https://api.shipengine.com/v1/shipments?batch_id=se-1942050\"\r\n
        \ },\r\n  \"batch_labels_url\": {\r\n    \"href\": \"https://api.shipengine.com/v1/labels?batch_id=se-1942050\"\r\n
        \ },\r\n  \"batch_errors_url\": {\r\n    \"href\": \"https://api.shipengine.com/v1/batches/se-1942050/errors\"\r\n
        \ },\r\n  \"label_download\": {\r\n    \"pdf\": \"https://api.shipengine.com/v1/downloads/10/SF3bBf9bLUGUwsM4wp9FBg/label-1942050.pdf\",\r\n
        \   \"zpl\": \"https://api.shipengine.com/v1/downloads/10/SF3bBf9bLUGUwsM4wp9FBg/label-1942050.zpl\",\r\n
        \   \"href\": \"https://api.shipengine.com/v1/downloads/10/SF3bBf9bLUGUwsM4wp9FBg/label-1942050.pdf\"\r\n
        \ },\r\n  \"form_download\": {\r\n    \"href\": \"https://api.shipengine.com/v1/downloads/10/EZQ-wGkAgEOr1p6-biGXUA/form-1942050.pdf\"\r\n
        \ },\r\n  \"status\": \"open\"\r\n}"
    headers:
      Branch-Name:
      - bWFpbg
      Connection:
      - keep-alive
      Content-Length:
      - '1131'
      Content-Security-Policy:
      - default-src 'none'; frame-ancestors 'none'
      Content-Type:
      - application/json; charset=utf-8
      Date:
      - Mon, 20 May 2024 14:11:11 GMT
      Permissions-Policy:
      - accelerometer=(), camera=(), geolocation=(), gyroscope=(), magnetometer=(),
        microphone=(), payment=(), usb=(), interest-cohort=()
      RateLimit-Limit:
      - '200'
      RateLimit-Remaining:
      - '177'
      RateLimit-Reset:
      - '49'
      Strict-Transport-Security:
      - max-age=31536000; includeSubDomains; preload
      X-Content-Type-Options:
      - nosniff
      X-Robots-Tag:
      - noindex
      request-id:
      - a1b05a8d-7711-4257-89fb-424bd15aefda
      x-shipengine-requestid:
      - a1b05a8d-7711-4257-89fb-424bd15aefda
    status:
      code: 200
      message: OK
- request:
    body: null
    headers:
      Content-Length:
      - '0'
      Content-Type:
      - application/json
      Host:
      - api.shipengine.com
    method: DELETE
    uri: https://api.shipengine.com/v1/warehouses/se-18990696
  response:
    body:
      string: ''
    headers:
      Branch-Name:
      - bWFpbg
      Connection:
      - keep-alive
      Content-Security-Policy:
      - default-src 'none'; frame-ancestors 'none'
      Date:
      - Mon, 20 May 2024 14:11:11 GMT
      Permissions-Policy:
      - accelerometer=(), camera=(), geolocation=(), gyroscope=(), magnetometer=(),
        microphone=(), payment=(), usb=(), interest-cohort=()
      RateLimit-Limit:
      - '200'
      RateLimit-Remaining:
      - '176'
      RateLimit-Reset:
      - '49'
      Strict-Transport-Security:
      - max-age=31536000; includeSubDomains; preload
      X-Content-Type-Options:
      - nosniff
      X-Robots-Tag:
      - noindex
      request-id:
      - 55524b51-5182-4cb7-a97c-cf80bea4c8c7
      x-shipengine-requestid:
      - 55524b51-5182-4cb7-a97c-cf80bea4c8c7
    status:
      code: 204
      message: No Content
version: 1
