interactions:
- request:
    body: '{"shipment_ids": ["se-1518508", "se-1519477"], "rate_ids": null, "external_batch_id":
      null, "batch_notes": null, "process_labels": null}'
    headers:
      Content-Length:
      - '136'
      Content-Type:
      - application/json
      Host:
      - api.shipengine.com
    method: POST
    uri: https://api.shipengine.com/v1/batches
  response:
    body:
      string: "{\r\n  \"label_layout\": null,\r\n  \"label_format\": \"pdf\",\r\n
        \ \"batch_id\": \"se-1038455\",\r\n  \"external_batch_id\": null,\r\n  \"batch_number\":
        \"100105\",\r\n  \"batch_notes\": null,\r\n  \"created_at\": \"2024-05-12T17:54:05.727Z\",\r\n
        \ \"processed_at\": null,\r\n  \"errors\": 0,\r\n  \"process_errors\": null,\r\n
        \ \"warnings\": 0,\r\n  \"completed\": 0,\r\n  \"forms\": 0,\r\n  \"count\":
        2,\r\n  \"batch_shipments_url\": {\r\n    \"href\": \"https://api.shipengine.com/v1/shipments?batch_id=se-1038455\"\r\n
        \ },\r\n  \"batch_labels_url\": {\r\n    \"href\": \"https://api.shipengine.com/v1/labels?batch_id=se-1038455\"\r\n
        \ },\r\n  \"batch_errors_url\": {\r\n    \"href\": \"https://api.shipengine.com/v1/batches/se-1038455/errors\"\r\n
        \ },\r\n  \"label_download\": {\r\n    \"pdf\": \"https://api.shipengine.com/v1/downloads/14/VY78ZxQMBEyoZa58LKzx5A/label-1038455.pdf\",\r\n
        \   \"zpl\": \"https://api.shipengine.com/v1/downloads/14/VY78ZxQMBEyoZa58LKzx5A/label-1038455.zpl\",\r\n
        \   \"href\": \"https://api.shipengine.com/v1/downloads/14/VY78ZxQMBEyoZa58LKzx5A/label-1038455.pdf\"\r\n
        \ },\r\n  \"form_download\": {\r\n    \"href\": \"https://api.shipengine.com/v1/downloads/14/SoXhsTze1EasXLl8SXBBZQ/form-1038455.pdf\"\r\n
        \ },\r\n  \"status\": \"open\"\r\n}"
    headers:
      Branch-Name:
      - bWFpbg
      Connection:
      - keep-alive
      Content-Length:
      - '1133'
      Content-Security-Policy:
      - default-src 'none'; frame-ancestors 'none'
      Content-Type:
      - application/json; charset=utf-8
      Date:
      - Sun, 12 May 2024 17:54:05 GMT
      Permissions-Policy:
      - accelerometer=(), camera=(), geolocation=(), gyroscope=(), magnetometer=(),
        microphone=(), payment=(), usb=(), interest-cohort=()
      RateLimit-Limit:
      - '200'
      RateLimit-Remaining:
      - '199'
      RateLimit-Reset:
      - '55'
      Strict-Transport-Security:
      - max-age=31536000; includeSubDomains; preload
      X-Content-Type-Options:
      - nosniff
      X-Robots-Tag:
      - noindex
      request-id:
      - e883a4c2-6a6a-44cb-bc49-55748b00396b
      x-shipengine-requestid:
      - e883a4c2-6a6a-44cb-bc49-55748b00396b
    status:
      code: 200
      message: OK
- request:
    body: '{"create_batch_and_process_labels": true, "ship_date": null, "label_layout":
      "4x6", "label_format": "pdf", "display_scheme": "label"}'
    headers:
      Content-Length:
      - '133'
      Content-Type:
      - application/json
      Host:
      - api.shipengine.com
    method: POST
    uri: https://api.shipengine.com/v1/batches/se-1038455/process/labels
  response:
    body:
      string: ''
    headers:
      Branch-Name:
      - bWFpbg
      Connection:
      - keep-alive
      Content-Security-Policy:
      - default-src 'none'; frame-ancestors 'none'
      Date:
      - Sun, 12 May 2024 17:54:05 GMT
      Permissions-Policy:
      - accelerometer=(), camera=(), geolocation=(), gyroscope=(), magnetometer=(),
        microphone=(), payment=(), usb=(), interest-cohort=()
      RateLimit-Limit:
      - '200'
      RateLimit-Remaining:
      - '198'
      RateLimit-Reset:
      - '55'
      Strict-Transport-Security:
      - max-age=31536000; includeSubDomains; preload
      X-Content-Type-Options:
      - nosniff
      X-Robots-Tag:
      - noindex
      request-id:
      - 8a8990af-e510-4252-ac0c-a1c22539d62b
      x-shipengine-requestid:
      - 8a8990af-e510-4252-ac0c-a1c22539d62b
    status:
      code: 204
      message: No Content
- request:
    body: null
    headers:
      Content-Type:
      - application/json
      Host:
      - api.shipengine.com
    method: GET
    uri: https://api.shipengine.com/v1/batches/se-1038455
  response:
    body:
      string: "{\r\n  \"label_layout\": \"4x6\",\r\n  \"label_format\": \"pdf\",\r\n
        \ \"batch_id\": \"se-1038455\",\r\n  \"external_batch_id\": null,\r\n  \"batch_number\":
        \"100105\",\r\n  \"batch_notes\": null,\r\n  \"created_at\": \"2024-05-12T17:54:05.727Z\",\r\n
        \ \"processed_at\": \"2024-05-12T17:54:05.923Z\",\r\n  \"errors\": 0,\r\n
        \ \"process_errors\": null,\r\n  \"warnings\": 0,\r\n  \"completed\": 0,\r\n
        \ \"forms\": 0,\r\n  \"count\": 2,\r\n  \"batch_shipments_url\": {\r\n    \"href\":
        \"https://api.shipengine.com/v1/shipments?batch_id=se-1038455\"\r\n  },\r\n
        \ \"batch_labels_url\": {\r\n    \"href\": \"https://api.shipengine.com/v1/labels?batch_id=se-1038455\"\r\n
        \ },\r\n  \"batch_errors_url\": {\r\n    \"href\": \"https://api.shipengine.com/v1/batches/se-1038455/errors\"\r\n
        \ },\r\n  \"label_download\": {\r\n    \"pdf\": \"https://api.shipengine.com/v1/downloads/14/VY78ZxQMBEyoZa58LKzx5A/label-1038455.pdf\",\r\n
        \   \"zpl\": \"https://api.shipengine.com/v1/downloads/14/VY78ZxQMBEyoZa58LKzx5A/label-1038455.zpl\",\r\n
        \   \"href\": \"https://api.shipengine.com/v1/downloads/14/VY78ZxQMBEyoZa58LKzx5A/label-1038455.pdf\"\r\n
        \ },\r\n  \"form_download\": {\r\n    \"href\": \"https://api.shipengine.com/v1/downloads/14/SoXhsTze1EasXLl8SXBBZQ/form-1038455.pdf\"\r\n
        \ },\r\n  \"status\": \"queued\"\r\n}"
    headers:
      Branch-Name:
      - bWFpbg
      Connection:
      - keep-alive
      Content-Length:
      - '1158'
      Content-Security-Policy:
      - default-src 'none'; frame-ancestors 'none'
      Content-Type:
      - application/json; charset=utf-8
      Date:
      - Sun, 12 May 2024 17:54:06 GMT
      Permissions-Policy:
      - accelerometer=(), camera=(), geolocation=(), gyroscope=(), magnetometer=(),
        microphone=(), payment=(), usb=(), interest-cohort=()
      RateLimit-Limit:
      - '200'
      RateLimit-Remaining:
      - '197'
      RateLimit-Reset:
      - '54'
      Strict-Transport-Security:
      - max-age=31536000; includeSubDomains; preload
      X-Content-Type-Options:
      - nosniff
      X-Robots-Tag:
      - noindex
      request-id:
      - fbdbcfbf-2eb9-4c50-9364-f29b2cf3927c
      x-shipengine-requestid:
      - fbdbcfbf-2eb9-4c50-9364-f29b2cf3927c
    status:
      code: 200
      message: OK
version: 1
